harya mara arya
harya mara lome
mare olori
naur an edraith ammen
u i vethed na i onnad
