abc defgabc defgabc defg
abc dejfabc dejfabc dejf
bcd efbcd efbcd efbcd ef
bcd efzbcd efzbcd efzbcd efz
bcd febcd febcd febcd fe
cxyz blablabla blebleble
cxyz blablablab blebleble
cxzy oyoyoy eiei kkk
cxzy oyoyoy eiei kkz
dddoopa kaos owiw mam
dddoopa kaos owiz mam
dddoopz kaos owiw mam
dddoopz kaoz owiw mam
