Goku 8001
Piccolo 3400
Kuririn 98
Chaos 67
Gohan 67
