dan 9000
hello 9000
bli 190
blablabla 120
g 100
go 100
gok 100
goku 100
gokua 100
gokuz 100