Thanos nao poupara o Planeta 1.
Thanos poupara o Planeta 2.
Thanos nao poupara o Planeta 3.
