Thanos nao poupara o Planeta 1.
Thanos nao poupara o Planeta 2.
Thanos poupara o Planeta 3.
Thanos poupara o Planeta 4.
Thanos nao poupara o Planeta 5.
