Thanos poupara o Planeta 1.
Thanos poupara o Planeta 2.
Thanos nao poupara o Planeta 3.
Thanos nao poupara o Planeta 4.
Thanos poupara o Planeta 5.
Thanos nao poupara o Planeta 6.
Thanos poupara o Planeta 7.
Thanos nao poupara o Planeta 8.
