Thanos poupara o Planeta 1.
Thanos nao poupara o Planeta 2.
Thanos poupara o Planeta 3.
Thanos nao poupara o Planeta 4.
Thanos poupara o Planeta 5.
Thanos nao poupara o Planeta 6.
Thanos poupara o Planeta 7.
Thanos nao poupara o Planeta 8.
Thanos poupara o Planeta 9.
Thanos nao poupara o Planeta 10.
Thanos nao poupara o Planeta 11.
Thanos poupara o Planeta 12.
Thanos nao poupara o Planeta 13.
Thanos poupara o Planeta 14.
Thanos nao poupara o Planeta 15.
